D:\Projekty BER\Embraco_ZariadenieNaPreklapanieRotorov_A2021001\Logical\Global.typ
D:\Projekty BER\Embraco_ZariadenieNaPreklapanieRotorov_A2021001\Logical\Global.var
D:\Projekty BER\Embraco_ZariadenieNaPreklapanieRotorov_A2021001\Logical\Libraries\Runtime\runtime.var
D:\Projekty BER\Embraco_ZariadenieNaPreklapanieRotorov_A2021001\Logical\Libraries\Runtime\runtime.typ
D:\Projekty BER\Embraco_ZariadenieNaPreklapanieRotorov_A2021001\Logical\Libraries\Runtime\runtime.fun
D:\Projekty BER\Embraco_ZariadenieNaPreklapanieRotorov_A2021001\Logical\Libraries\Operator\operator.fun
D:\Projekty BER\Embraco_ZariadenieNaPreklapanieRotorov_A2021001\Logical\Libraries\AsIecCon\AsIecCon.fun
D:\Projekty BER\Embraco_ZariadenieNaPreklapanieRotorov_A2021001\Logical\Libraries\astime\astime.var
D:\Projekty BER\Embraco_ZariadenieNaPreklapanieRotorov_A2021001\Logical\Libraries\astime\astime.typ
D:\Projekty BER\Embraco_ZariadenieNaPreklapanieRotorov_A2021001\Logical\Libraries\astime\astime.fun
D:\Projekty BER\Embraco_ZariadenieNaPreklapanieRotorov_A2021001\Logical\Libraries\standard\standard.fun
D:\Projekty BER\Embraco_ZariadenieNaPreklapanieRotorov_A2021001\Logical\Libraries\standard\standard.typ
D:\Projekty BER\Embraco_ZariadenieNaPreklapanieRotorov_A2021001\Logical\Libraries\standard\standard.var
D:\Projekty BER\Embraco_ZariadenieNaPreklapanieRotorov_A2021001\Logical\Libraries\AsBrStr\AsBrStr.fun
D:\Projekty BER\Embraco_ZariadenieNaPreklapanieRotorov_A2021001\Logical\Libraries\AsBrStr\AsBrStr.typ
D:\Projekty BER\Embraco_ZariadenieNaPreklapanieRotorov_A2021001\Logical\Libraries\AsBrStr\AsBrStr.var
D:\Projekty BER\Embraco_ZariadenieNaPreklapanieRotorov_A2021001\Logical\Libraries\FileIO\FileIO.fun
D:\Projekty BER\Embraco_ZariadenieNaPreklapanieRotorov_A2021001\Logical\Libraries\FileIO\FileIO.typ
D:\Projekty BER\Embraco_ZariadenieNaPreklapanieRotorov_A2021001\Logical\Libraries\FileIO\FileIO.var
D:\Projekty BER\Embraco_ZariadenieNaPreklapanieRotorov_A2021001\Logical\Libraries\sys_lib\sys_lib.fun
D:\Projekty BER\Embraco_ZariadenieNaPreklapanieRotorov_A2021001\Logical\Libraries\sys_lib\sys_lib.typ
D:\Projekty BER\Embraco_ZariadenieNaPreklapanieRotorov_A2021001\Logical\Libraries\sys_lib\sys_lib.var
D:\Projekty BER\Embraco_ZariadenieNaPreklapanieRotorov_A2021001\Logical\Libraries\SC\Types.typ
D:\Projekty BER\Embraco_ZariadenieNaPreklapanieRotorov_A2021001\Logical\Libraries\SC\Constants.var
D:\Projekty BER\Embraco_ZariadenieNaPreklapanieRotorov_A2021001\Logical\Libraries\SC\SC.fun
D:\Projekty BER\Embraco_ZariadenieNaPreklapanieRotorov_A2021001\Logical\Libraries\IecCheck\IecCheck.fun
